---
source: test/src/main.rs
description: Federated Query Explain
expression: display_string
---
Federated
 Sort: all_nations.o_year ASC NULLS LAST
  Projection: all_nations.o_year, sum(CASE WHEN all_nations.nation = Utf8("BRAZIL") THEN all_nations.volume ELSE Int64(0) END) / sum(all_nations.volume) AS mkt_share
    Aggregate: groupBy=[[all_nations.o_year]], aggr=[[sum(CASE WHEN all_nations.nation = Utf8("BRAZIL") THEN all_nations.volume ELSE Int64(0) END), sum(all_nations.volume)]]
      SubqueryAlias: all_nations
        Projection: date_part(Utf8("YEAR"), orders.o_orderdate) AS o_year, lineitem.l_extendedprice * (Int64(1) - lineitem.l_discount) AS volume, n2.n_name AS nation
          Inner Join:  Filter: n1.n_regionkey = region.r_regionkey
            Inner Join:  Filter: supplier.s_nationkey = n2.n_nationkey
              Inner Join:  Filter: customer.c_nationkey = n1.n_nationkey
                Inner Join:  Filter: orders.o_custkey = customer.c_custkey
                  Inner Join:  Filter: lineitem.l_orderkey = orders.o_orderkey
                    Inner Join:  Filter: part.p_partkey = lineitem.l_partkey AND supplier.s_suppkey = lineitem.l_suppkey
                      Cross Join: 
                        Filter: part.p_type = Utf8("ECONOMY ANODIZED STEEL")
                          TableScan: part projection=[p_partkey, p_type]
                        TableScan: supplier projection=[s_suppkey, s_nationkey]
                      TableScan: lineitem projection=[l_orderkey, l_partkey, l_suppkey, l_extendedprice, l_discount]
                    Filter: orders.o_orderdate BETWEEN CAST(Utf8("1995-01-01") AS Date32) AND CAST(Utf8("1996-12-31") AS Date32)
                      TableScan: orders projection=[o_orderkey, o_custkey, o_orderdate]
                  TableScan: customer projection=[c_custkey, c_nationkey]
                SubqueryAlias: n1
                  TableScan: nation projection=[n_nationkey, n_regionkey]
              SubqueryAlias: n2
                TableScan: nation projection=[n_nationkey, n_name]
            Filter: region.r_name = Utf8("AMERICA")
              TableScan: region projection=[r_regionkey, r_name]
