---
source: test/src/main.rs
description: Federated Query Explain
expression: display_string
---
Federated
 Sort: profit.nation ASC NULLS LAST, profit.o_year DESC NULLS FIRST
  Projection: profit.nation, profit.o_year, sum(profit.amount) AS sum_profit
    Aggregate: groupBy=[[profit.nation, profit.o_year]], aggr=[[sum(profit.amount)]]
      SubqueryAlias: profit
        Projection: nation.n_name AS nation, date_part(Utf8("YEAR"), orders.o_orderdate) AS o_year, lineitem.l_extendedprice * (Int64(1) - lineitem.l_discount) - partsupp.ps_supplycost * lineitem.l_quantity AS amount
          Inner Join:  Filter: supplier.s_nationkey = nation.n_nationkey
            Inner Join:  Filter: orders.o_orderkey = lineitem.l_orderkey
              Inner Join:  Filter: partsupp.ps_suppkey = lineitem.l_suppkey AND partsupp.ps_partkey = lineitem.l_partkey
                Inner Join:  Filter: supplier.s_suppkey = lineitem.l_suppkey AND part.p_partkey = lineitem.l_partkey
                  Cross Join: 
                    Filter: part.p_name LIKE Utf8("%green%")
                      TableScan: part projection=[p_partkey, p_name]
                    TableScan: supplier projection=[s_suppkey, s_nationkey]
                  TableScan: lineitem projection=[l_orderkey, l_partkey, l_suppkey, l_quantity, l_extendedprice, l_discount]
                TableScan: partsupp projection=[ps_partkey, ps_suppkey, ps_supplycost]
              TableScan: orders projection=[o_orderkey, o_orderdate]
            TableScan: nation projection=[n_nationkey, n_name]
