---
source: test/src/main.rs
description: Federated Query Explain
expression: display_string
---
Federated
 Projection: sum(lineitem.l_extendedprice * Int64(1) - lineitem.l_discount) AS revenue
  Aggregate: groupBy=[[]], aggr=[[sum(lineitem.l_extendedprice * (Int64(1) - lineitem.l_discount))]]
    Inner Join:  Filter: part.p_partkey = lineitem.l_partkey AND part.p_brand = Utf8("Brand#12") AND part.p_container IN ([Utf8("SM CASE"), Utf8("SM BOX"), Utf8("SM PACK"), Utf8("SM PKG")]) AND lineitem.l_quantity >= Int64(1) AND lineitem.l_quantity <= Int64(1) + Int64(10) AND part.p_size BETWEEN Int64(1) AND Int64(5) AND lineitem.l_shipmode IN ([Utf8("AIR"), Utf8("AIR REG")]) AND lineitem.l_shipinstruct = Utf8("DELIVER IN PERSON") OR part.p_partkey = lineitem.l_partkey AND part.p_brand = Utf8("Brand#23") AND part.p_container IN ([Utf8("MED BAG"), Utf8("MED BOX"), Utf8("MED PKG"), Utf8("MED PACK")]) AND lineitem.l_quantity >= Int64(10) AND lineitem.l_quantity <= Int64(10) + Int64(10) AND part.p_size BETWEEN Int64(1) AND Int64(10) AND lineitem.l_shipmode IN ([Utf8("AIR"), Utf8("AIR REG")]) AND lineitem.l_shipinstruct = Utf8("DELIVER IN PERSON") OR part.p_partkey = lineitem.l_partkey AND part.p_brand = Utf8("Brand#34") AND part.p_container IN ([Utf8("LG CASE"), Utf8("LG BOX"), Utf8("LG PACK"), Utf8("LG PKG")]) AND lineitem.l_quantity >= Int64(20) AND lineitem.l_quantity <= Int64(20) + Int64(10) AND part.p_size BETWEEN Int64(1) AND Int64(15) AND lineitem.l_shipmode IN ([Utf8("AIR"), Utf8("AIR REG")]) AND lineitem.l_shipinstruct = Utf8("DELIVER IN PERSON")
      Filter: lineitem.l_quantity >= Int64(1) AND lineitem.l_quantity <= Int64(1) + Int64(10) AND lineitem.l_shipmode IN ([Utf8("AIR"), Utf8("AIR REG")]) AND lineitem.l_shipinstruct = Utf8("DELIVER IN PERSON") OR lineitem.l_quantity >= Int64(10) AND lineitem.l_quantity <= Int64(10) + Int64(10) AND lineitem.l_shipmode IN ([Utf8("AIR"), Utf8("AIR REG")]) AND lineitem.l_shipinstruct = Utf8("DELIVER IN PERSON") OR lineitem.l_quantity >= Int64(20) AND lineitem.l_quantity <= Int64(20) + Int64(10) AND lineitem.l_shipmode IN ([Utf8("AIR"), Utf8("AIR REG")]) AND lineitem.l_shipinstruct = Utf8("DELIVER IN PERSON")
        TableScan: lineitem projection=[l_partkey, l_quantity, l_extendedprice, l_discount, l_shipinstruct, l_shipmode]
      Filter: part.p_brand = Utf8("Brand#12") AND part.p_container IN ([Utf8("SM CASE"), Utf8("SM BOX"), Utf8("SM PACK"), Utf8("SM PKG")]) AND part.p_size BETWEEN Int64(1) AND Int64(5) OR part.p_brand = Utf8("Brand#23") AND part.p_container IN ([Utf8("MED BAG"), Utf8("MED BOX"), Utf8("MED PKG"), Utf8("MED PACK")]) AND part.p_size BETWEEN Int64(1) AND Int64(10) OR part.p_brand = Utf8("Brand#34") AND part.p_container IN ([Utf8("LG CASE"), Utf8("LG BOX"), Utf8("LG PACK"), Utf8("LG PKG")]) AND part.p_size BETWEEN Int64(1) AND Int64(15)
        TableScan: part projection=[p_partkey, p_brand, p_size, p_container]
