---
source: test/src/main.rs
description: Federated Query Explain
expression: display_string
---
Federated
 Sort: supplier_cnt DESC NULLS FIRST, part.p_brand ASC NULLS LAST, part.p_type ASC NULLS LAST, part.p_size ASC NULLS LAST
  Projection: part.p_brand, part.p_type, part.p_size, count(DISTINCT partsupp.ps_suppkey) AS supplier_cnt
    Aggregate: groupBy=[[part.p_brand, part.p_type, part.p_size]], aggr=[[count(DISTINCT partsupp.ps_suppkey)]]
      Inner Join:  Filter: part.p_partkey = partsupp.ps_partkey
        Filter: partsupp.ps_suppkey NOT IN (<subquery>)
          Subquery:
            Projection: supplier.s_suppkey
              Filter: supplier.s_comment LIKE Utf8("%Customer%Complaints%")
                TableScan: supplier
          TableScan: partsupp projection=[ps_partkey, ps_suppkey]
        Filter: part.p_brand != Utf8("Brand#45") AND part.p_type NOT LIKE Utf8("MEDIUM POLISHED%") AND part.p_size IN ([Int64(49), Int64(14), Int64(23), Int64(45), Int64(19), Int64(3), Int64(36), Int64(9)])
          TableScan: part projection=[p_partkey, p_brand, p_type, p_size]
