---
source: test/src/main.rs
description: Federated Query Explain
expression: display_string
---
Federated
 Limit: skip=0, fetch=100
  Sort: numwait DESC NULLS FIRST, supplier.s_name ASC NULLS LAST
    Projection: supplier.s_name, count(Int64(1)) AS count(*) AS numwait
      Aggregate: groupBy=[[supplier.s_name]], aggr=[[count(Int64(1))]]
        Inner Join:  Filter: supplier.s_nationkey = nation.n_nationkey
          Inner Join:  Filter: orders.o_orderkey = l1.l_orderkey
            Inner Join:  Filter: supplier.s_suppkey = l1.l_suppkey
              Filter: EXISTS (<subquery>) AND NOT EXISTS (<subquery>)
                Subquery:
                  Projection: l2.l_orderkey, l2.l_partkey, l2.l_suppkey, l2.l_linenumber, l2.l_quantity, l2.l_extendedprice, l2.l_discount, l2.l_tax, l2.l_returnflag, l2.l_linestatus, l2.l_shipdate, l2.l_commitdate, l2.l_receiptdate, l2.l_shipinstruct, l2.l_shipmode, l2.l_comment
                    Filter: l2.l_orderkey = outer_ref(l1.l_orderkey) AND l2.l_suppkey != outer_ref(l1.l_suppkey)
                      SubqueryAlias: l2
                        TableScan: lineitem
                Subquery:
                  Projection: l3.l_orderkey, l3.l_partkey, l3.l_suppkey, l3.l_linenumber, l3.l_quantity, l3.l_extendedprice, l3.l_discount, l3.l_tax, l3.l_returnflag, l3.l_linestatus, l3.l_shipdate, l3.l_commitdate, l3.l_receiptdate, l3.l_shipinstruct, l3.l_shipmode, l3.l_comment
                    Filter: l3.l_orderkey = outer_ref(l1.l_orderkey) AND l3.l_suppkey != outer_ref(l1.l_suppkey) AND l3.l_receiptdate > l3.l_commitdate
                      SubqueryAlias: l3
                        TableScan: lineitem
                TableScan: supplier projection=[s_suppkey, s_name, s_nationkey]
              Filter: l1.l_receiptdate > l1.l_commitdate
                SubqueryAlias: l1
                  TableScan: lineitem projection=[l_orderkey, l_suppkey, l_commitdate, l_receiptdate]
            Filter: orders.o_orderstatus = Utf8("F")
              TableScan: orders projection=[o_orderkey, o_orderstatus]
          Filter: nation.n_name = Utf8("SAUDI ARABIA")
            TableScan: nation projection=[n_nationkey, n_name]
