---
source: test/src/main.rs
description: Federated Query Explain
expression: display_string
---
Federated
 Limit: skip=0, fetch=10
  Sort: revenue DESC NULLS FIRST, orders.o_orderdate ASC NULLS LAST
    Projection: lineitem.l_orderkey, sum(lineitem.l_extendedprice * Int64(1) - lineitem.l_discount) AS revenue, orders.o_orderdate, orders.o_shippriority
      Aggregate: groupBy=[[lineitem.l_orderkey, orders.o_orderdate, orders.o_shippriority]], aggr=[[sum(lineitem.l_extendedprice * (Int64(1) - lineitem.l_discount))]]
        Inner Join:  Filter: lineitem.l_orderkey = orders.o_orderkey
          Inner Join:  Filter: customer.c_custkey = orders.o_custkey
            Filter: customer.c_mktsegment = Utf8("BUILDING")
              TableScan: customer projection=[c_custkey, c_mktsegment]
            Filter: orders.o_orderdate < CAST(Utf8("1995-03-15") AS Date32)
              TableScan: orders projection=[o_orderkey, o_custkey, o_orderdate, o_shippriority]
          Filter: lineitem.l_shipdate > CAST(Utf8("1995-03-15") AS Date32)
            TableScan: lineitem projection=[l_orderkey, l_extendedprice, l_discount, l_shipdate]
