---
source: test/src/main.rs
description: Federated Query Explain
expression: display_string
---
Federated
 Sort: lineitem.l_shipmode ASC NULLS LAST
  Projection: lineitem.l_shipmode, sum(CASE WHEN orders.o_orderpriority = Utf8("1-URGENT") OR orders.o_orderpriority = Utf8("2-HIGH") THEN Int64(1) ELSE Int64(0) END) AS high_line_count, sum(CASE WHEN orders.o_orderpriority != Utf8("1-URGENT") AND orders.o_orderpriority != Utf8("2-HIGH") THEN Int64(1) ELSE Int64(0) END) AS low_line_count
    Aggregate: groupBy=[[lineitem.l_shipmode]], aggr=[[sum(CASE WHEN orders.o_orderpriority = Utf8("1-URGENT") OR orders.o_orderpriority = Utf8("2-HIGH") THEN Int64(1) ELSE Int64(0) END), sum(CASE WHEN orders.o_orderpriority != Utf8("1-URGENT") AND orders.o_orderpriority != Utf8("2-HIGH") THEN Int64(1) ELSE Int64(0) END)]]
      Inner Join:  Filter: lineitem.l_orderkey = orders.o_orderkey
        Filter: lineitem.l_shipmode IN ([Utf8("MAIL"), Utf8("SHIP")]) AND lineitem.l_commitdate < lineitem.l_receiptdate AND lineitem.l_shipdate < lineitem.l_commitdate AND lineitem.l_receiptdate >= CAST(Utf8("1994-01-01") AS Date32) AND lineitem.l_receiptdate < CAST(Utf8("1995-01-01") AS Date32)
          TableScan: lineitem projection=[l_orderkey, l_shipdate, l_commitdate, l_receiptdate, l_shipmode]
        TableScan: orders projection=[o_orderkey, o_orderpriority]
