---
source: test/src/main.rs
description: Federated Query Explain
expression: display_string
---
Federated
 Limit: skip=0, fetch=20
  Sort: revenue DESC NULLS FIRST
    Projection: customer.c_custkey, customer.c_name, sum(lineitem.l_extendedprice * Int64(1) - lineitem.l_discount) AS revenue, customer.c_acctbal, nation.n_name, customer.c_address, customer.c_phone, customer.c_comment
      Aggregate: groupBy=[[customer.c_custkey, customer.c_name, customer.c_acctbal, customer.c_phone, nation.n_name, customer.c_address, customer.c_comment]], aggr=[[sum(lineitem.l_extendedprice * (Int64(1) - lineitem.l_discount))]]
        Inner Join:  Filter: customer.c_nationkey = nation.n_nationkey
          Inner Join:  Filter: lineitem.l_orderkey = orders.o_orderkey
            Inner Join:  Filter: customer.c_custkey = orders.o_custkey
              TableScan: customer projection=[c_custkey, c_name, c_address, c_nationkey, c_phone, c_acctbal, c_comment]
              Filter: orders.o_orderdate >= CAST(Utf8("1993-10-01") AS Date32) AND orders.o_orderdate < CAST(Utf8("1994-01-01") AS Date32)
                TableScan: orders projection=[o_orderkey, o_custkey, o_orderdate]
            Filter: lineitem.l_returnflag = Utf8("R")
              TableScan: lineitem projection=[l_orderkey, l_extendedprice, l_discount, l_returnflag]
          TableScan: nation projection=[n_nationkey, n_name]
