---
source: test/src/main.rs
description: Federated Query Explain
expression: display_string
---
Federated
 Sort: value DESC NULLS FIRST
  Projection: partsupp.ps_partkey, sum(partsupp.ps_supplycost * partsupp.ps_availqty) AS value
    Filter: sum(partsupp.ps_supplycost * partsupp.ps_availqty) > (<subquery>)
      Subquery:
        Projection: sum(partsupp.ps_supplycost * partsupp.ps_availqty) * Float64(0.0001)
          Aggregate: groupBy=[[]], aggr=[[sum(partsupp.ps_supplycost * partsupp.ps_availqty)]]
            Filter: partsupp.ps_suppkey = supplier.s_suppkey AND supplier.s_nationkey = nation.n_nationkey AND nation.n_name = Utf8("GERMANY")
              Cross Join: 
                Cross Join: 
                  TableScan: partsupp
                  TableScan: supplier
                TableScan: nation
      Aggregate: groupBy=[[partsupp.ps_partkey]], aggr=[[sum(partsupp.ps_supplycost * partsupp.ps_availqty)]]
        Inner Join:  Filter: supplier.s_nationkey = nation.n_nationkey
          Inner Join:  Filter: partsupp.ps_suppkey = supplier.s_suppkey
            TableScan: partsupp projection=[ps_partkey, ps_suppkey, ps_availqty, ps_supplycost]
            TableScan: supplier projection=[s_suppkey, s_nationkey]
          Filter: nation.n_name = Utf8("GERMANY")
            TableScan: nation projection=[n_nationkey, n_name]
