---
source: test/src/main.rs
description: Federated Query Explain
expression: display_string
---
Federated
 Sort: orders.o_totalprice DESC NULLS FIRST, orders.o_orderdate ASC NULLS LAST
  Projection: customer.c_name, customer.c_custkey, orders.o_orderkey, orders.o_orderdate, orders.o_totalprice, sum(lineitem.l_quantity)
    Aggregate: groupBy=[[customer.c_name, customer.c_custkey, orders.o_orderkey, orders.o_orderdate, orders.o_totalprice]], aggr=[[sum(lineitem.l_quantity)]]
      Inner Join:  Filter: orders.o_orderkey = lineitem.l_orderkey
        Inner Join:  Filter: customer.c_custkey = orders.o_custkey
          TableScan: customer projection=[c_custkey, c_name]
          Filter: orders.o_orderkey IN (<subquery>)
            Subquery:
              Projection: lineitem.l_orderkey
                Filter: sum(lineitem.l_quantity) > Int64(300)
                  Aggregate: groupBy=[[lineitem.l_orderkey]], aggr=[[sum(lineitem.l_quantity)]]
                    TableScan: lineitem
            TableScan: orders projection=[o_orderkey, o_custkey, o_totalprice, o_orderdate]
        TableScan: lineitem projection=[l_orderkey, l_quantity]
