---
source: integration-test/src/main.rs
description: Federated Query Explain
expression: plan_display.clone()
---
+---------------+-------------------------------------------------------------------------------------------------------------------------------------------------------------------------------------------------------------------------------------------------------------------------------------------------------------------------------------------------------------------------------------------------------------------------------------------------------------------------------------------------------------------------------------------------------------------------------------------------------------------------------------------------------------------------------------------------------------------------------------------------------------------------------------------------------------------------------------------------------------------------------------------------------+
| plan_type     | plan                                                                                                                                                                                                                                                                                                                                                                                                                                                                                                                                                                                                                                                                                                                                                                                                                                                                                                  |
+---------------+-------------------------------------------------------------------------------------------------------------------------------------------------------------------------------------------------------------------------------------------------------------------------------------------------------------------------------------------------------------------------------------------------------------------------------------------------------------------------------------------------------------------------------------------------------------------------------------------------------------------------------------------------------------------------------------------------------------------------------------------------------------------------------------------------------------------------------------------------------------------------------------------------------+
| logical_plan  | Federated                                                                                                                                                                                                                                                                                                                                                                                                                                                                                                                                                                                                                                                                                                                                                                                                                                                                                             |
|               |  Sort: value DESC NULLS FIRST                                                                                                                                                                                                                                                                                                                                                                                                                                                                                                                                                                                                                                                                                                                                                                                                                                                                         |
|               |   Projection: partsupp.ps_partkey, sum(partsupp.ps_supplycost * partsupp.ps_availqty) AS value                                                                                                                                                                                                                                                                                                                                                                                                                                                                                                                                                                                                                                                                                                                                                                                                        |
|               |     Filter: sum(partsupp.ps_supplycost * partsupp.ps_availqty) > (<subquery>)                                                                                                                                                                                                                                                                                                                                                                                                                                                                                                                                                                                                                                                                                                                                                                                                                         |
|               |       Subquery:                                                                                                                                                                                                                                                                                                                                                                                                                                                                                                                                                                                                                                                                                                                                                                                                                                                                                       |
|               |         Projection: sum(partsupp.ps_supplycost * partsupp.ps_availqty) * Float64(0.0001)                                                                                                                                                                                                                                                                                                                                                                                                                                                                                                                                                                                                                                                                                                                                                                                                              |
|               |           Aggregate: groupBy=[[]], aggr=[[sum(partsupp.ps_supplycost * partsupp.ps_availqty)]]                                                                                                                                                                                                                                                                                                                                                                                                                                                                                                                                                                                                                                                                                                                                                                                                        |
|               |             Inner Join:  Filter: supplier.s_nationkey = nation.n_nationkey                                                                                                                                                                                                                                                                                                                                                                                                                                                                                                                                                                                                                                                                                                                                                                                                                            |
|               |               Inner Join:  Filter: partsupp.ps_suppkey = supplier.s_suppkey                                                                                                                                                                                                                                                                                                                                                                                                                                                                                                                                                                                                                                                                                                                                                                                                                           |
|               |                 TableScan: partsupp                                                                                                                                                                                                                                                                                                                                                                                                                                                                                                                                                                                                                                                                                                                                                                                                                                                                   |
|               |                 TableScan: supplier                                                                                                                                                                                                                                                                                                                                                                                                                                                                                                                                                                                                                                                                                                                                                                                                                                                                   |
|               |               TableScan: nation, full_filters=[nation.n_name = Utf8("GERMANY")]                                                                                                                                                                                                                                                                                                                                                                                                                                                                                                                                                                                                                                                                                                                                                                                                                       |
|               |       Aggregate: groupBy=[[partsupp.ps_partkey]], aggr=[[sum(partsupp.ps_supplycost * partsupp.ps_availqty)]]                                                                                                                                                                                                                                                                                                                                                                                                                                                                                                                                                                                                                                                                                                                                                                                         |
|               |         Inner Join:  Filter: supplier.s_nationkey = nation.n_nationkey                                                                                                                                                                                                                                                                                                                                                                                                                                                                                                                                                                                                                                                                                                                                                                                                                                |
|               |           Inner Join:  Filter: partsupp.ps_suppkey = supplier.s_suppkey                                                                                                                                                                                                                                                                                                                                                                                                                                                                                                                                                                                                                                                                                                                                                                                                                               |
|               |             TableScan: partsupp projection=[ps_partkey, ps_suppkey, ps_availqty, ps_supplycost]                                                                                                                                                                                                                                                                                                                                                                                                                                                                                                                                                                                                                                                                                                                                                                                                       |
|               |             TableScan: supplier projection=[s_suppkey, s_nationkey]                                                                                                                                                                                                                                                                                                                                                                                                                                                                                                                                                                                                                                                                                                                                                                                                                                   |
|               |           TableScan: nation projection=[n_nationkey], full_filters=[nation.n_name = Utf8("GERMANY")]                                                                                                                                                                                                                                                                                                                                                                                                                                                                                                                                                                                                                                                                                                                                                                                                  |
| physical_plan | SchemaCastScanExec                                                                                                                                                                                                                                                                                                                                                                                                                                                                                                                                                                                                                                                                                                                                                                                                                                                                                    |
|               |   VirtualExecutionPlan name=duckdb compute_context=tpch_sf1.db initial_sql=SELECT "partsupp"."ps_partkey", sum(("partsupp"."ps_supplycost" * "partsupp"."ps_availqty")) AS "value" FROM "partsupp" INNER JOIN "supplier" ON ("partsupp"."ps_suppkey" = "supplier"."s_suppkey") INNER JOIN "nation" ON (("supplier"."s_nationkey" = "nation"."n_nationkey") AND ("nation"."n_name" = 'GERMANY')) GROUP BY "partsupp"."ps_partkey" HAVING (sum(("partsupp"."ps_supplycost" * "partsupp"."ps_availqty")) > (SELECT (sum(("partsupp"."ps_supplycost" * "partsupp"."ps_availqty")) * 0.0001) FROM "partsupp" INNER JOIN "supplier" ON ("partsupp"."ps_suppkey" = "supplier"."s_suppkey") INNER JOIN "nation" ON (("supplier"."s_nationkey" = "nation"."n_nationkey") AND ("nation"."n_name" = 'GERMANY')))) ORDER BY "value" DESC NULLS FIRST |
|               |                                                                                                                                                                                                                                                                                                                                                                                                                                                                                                                                                                                                                                                                                                                                                                                                                                                                                                       |
+---------------+-------------------------------------------------------------------------------------------------------------------------------------------------------------------------------------------------------------------------------------------------------------------------------------------------------------------------------------------------------------------------------------------------------------------------------------------------------------------------------------------------------------------------------------------------------------------------------------------------------------------------------------------------------------------------------------------------------------------------------------------------------------------------------------------------------------------------------------------------------------------------------------------------------+
