---
source: integration-test/src/main.rs
description: Federated Query Explain
expression: plan_display
---
+---------------+--------------------------------------------------------------------------------------------------------------------------------------------------------------------------------------------------------------------------------------------------------------------------------------------------------------------------------------------------------------------------------------------------------------------------------------------------------------------------------------------------------------------------------------------------------------------------------------------------------------------------------------------------------------------------------------------------------------------------------------------------------------------------------------------------------------------------------------------------------------------------------------------------------------------------------------------------------------------------------------------------------------------------------+
| plan_type     | plan                                                                                                                                                                                                                                                                                                                                                                                                                                                                                                                                                                                                                                                                                                                                                                                                                                                                                                                                                                                                                           |
+---------------+--------------------------------------------------------------------------------------------------------------------------------------------------------------------------------------------------------------------------------------------------------------------------------------------------------------------------------------------------------------------------------------------------------------------------------------------------------------------------------------------------------------------------------------------------------------------------------------------------------------------------------------------------------------------------------------------------------------------------------------------------------------------------------------------------------------------------------------------------------------------------------------------------------------------------------------------------------------------------------------------------------------------------------+
| logical_plan  | Federated                                                                                                                                                                                                                                                                                                                                                                                                                                                                                                                                                                                                                                                                                                                                                                                                                                                                                                                                                                                                                      |
|               |  Sort: orders.o_orderpriority ASC NULLS LAST                                                                                                                                                                                                                                                                                                                                                                                                                                                                                                                                                                                                                                                                                                                                                                                                                                                                                                                                                                                   |
|               |   Projection: orders.o_orderpriority, count(Int64(1)) AS order_count                                                                                                                                                                                                                                                                                                                                                                                                                                                                                                                                                                                                                                                                                                                                                                                                                                                                                                                                                           |
|               |     Aggregate: groupBy=[[orders.o_orderpriority]], aggr=[[count(Int64(1))]]                                                                                                                                                                                                                                                                                                                                                                                                                                                                                                                                                                                                                                                                                                                                                                                                                                                                                                                                                    |
|               |       Filter: orders.o_orderdate < CAST(Utf8("1993-07-01") AS Date32) + IntervalMonthDayNano("IntervalMonthDayNano { months: 3, days: 0, nanoseconds: 0 }") AND EXISTS (<subquery>)                                                                                                                                                                                                                                                                                                                                                                                                                                                                                                                                                                                                                                                                                                                                                                                                                                            |
|               |         Subquery:                                                                                                                                                                                                                                                                                                                                                                                                                                                                                                                                                                                                                                                                                                                                                                                                                                                                                                                                                                                                              |
|               |           Projection: lineitem.l_orderkey, lineitem.l_partkey, lineitem.l_suppkey, lineitem.l_linenumber, lineitem.l_quantity, lineitem.l_extendedprice, lineitem.l_discount, lineitem.l_tax, lineitem.l_returnflag, lineitem.l_linestatus, lineitem.l_shipdate, lineitem.l_commitdate, lineitem.l_receiptdate, lineitem.l_shipinstruct, lineitem.l_shipmode, lineitem.l_comment                                                                                                                                                                                                                                                                                                                                                                                                                                                                                                                                                                                                                                               |
|               |             Filter: lineitem.l_orderkey = outer_ref(orders.o_orderkey)                                                                                                                                                                                                                                                                                                                                                                                                                                                                                                                                                                                                                                                                                                                                                                                                                                                                                                                                                         |
|               |               TableScan: lineitem, full_filters=[lineitem.l_commitdate < lineitem.l_receiptdate]                                                                                                                                                                                                                                                                                                                                                                                                                                                                                                                                                                                                                                                                                                                                                                                                                                                                                                                               |
|               |         TableScan: orders projection=[o_orderkey, o_orderdate, o_orderpriority], full_filters=[orders.o_orderdate >= Utf8("1993-07-01")]                                                                                                                                                                                                                                                                                                                                                                                                                                                                                                                                                                                                                                                                                                                                                                                                                                                                                       |
| physical_plan | SchemaCastScanExec                                                                                                                                                                                                                                                                                                                                                                                                                                                                                                                                                                                                                                                                                                                                                                                                                                                                                                                                                                                                             |
|               |   VirtualExecutionPlan name=duckdb compute_context=tpch_sf1.db initial_sql=SELECT "orders"."o_orderpriority", count(1) AS "order_count" FROM "orders" WHERE (("orders"."o_orderdate" < (CAST('1993-07-01' AS DATE) + INTERVAL '3 MONS')) AND EXISTS (SELECT "lineitem"."l_orderkey", "lineitem"."l_partkey", "lineitem"."l_suppkey", "lineitem"."l_linenumber", "lineitem"."l_quantity", "lineitem"."l_extendedprice", "lineitem"."l_discount", "lineitem"."l_tax", "lineitem"."l_returnflag", "lineitem"."l_linestatus", "lineitem"."l_shipdate", "lineitem"."l_commitdate", "lineitem"."l_receiptdate", "lineitem"."l_shipinstruct", "lineitem"."l_shipmode", "lineitem"."l_comment" FROM "lineitem" WHERE ("lineitem"."l_orderkey" = "orders"."o_orderkey") AND ("lineitem"."l_commitdate" < "lineitem"."l_receiptdate"))) AND ("orders"."o_orderdate" >= '1993-07-01') GROUP BY "orders"."o_orderpriority" ORDER BY "orders"."o_orderpriority" ASC NULLS LAST |
|               |                                                                                                                                                                                                                                                                                                                                                                                                                                                                                                                                                                                                                                                                                                                                                                                                                                                                                                                                                                                                                                |
+---------------+--------------------------------------------------------------------------------------------------------------------------------------------------------------------------------------------------------------------------------------------------------------------------------------------------------------------------------------------------------------------------------------------------------------------------------------------------------------------------------------------------------------------------------------------------------------------------------------------------------------------------------------------------------------------------------------------------------------------------------------------------------------------------------------------------------------------------------------------------------------------------------------------------------------------------------------------------------------------------------------------------------------------------------+
