---
source: integration-test/src/main.rs
description: Federated Query Explain
expression: plan_display
---
+---------------+--------------------------------------------------------------------------------------------------------------------------------------------------------------------------------------------------------------------------------------------------------------------------------------------------------------------------------------------------------------------------------------------------------------------------------------------------------------------------------------------------------------------------------------------------------------------------------------------------------------------------------------------------------------------------------------------------------------------------------------------------------------------------------------------------------------------------------------------------------------------------------------------------------------------------------------------------------------------------------------------------------------------------------------------------------------------------------------------------------------------------------------------------------------------------------------------------------------------------------------------------------------------------------------------------------------------------------------------------------------------------------------------------------------------------------------------------------------------------------------------------------------------------------------------------------------------------------------------------------------------------------------------------------------------------------------------------------------------------------------------------------------------------+
| plan_type     | plan                                                                                                                                                                                                                                                                                                                                                                                                                                                                                                                                                                                                                                                                                                                                                                                                                                                                                                                                                                                                                                                                                                                                                                                                                                                                                                                                                                                                                                                                                                                                                                                                                                                                                                                                                                     |
+---------------+--------------------------------------------------------------------------------------------------------------------------------------------------------------------------------------------------------------------------------------------------------------------------------------------------------------------------------------------------------------------------------------------------------------------------------------------------------------------------------------------------------------------------------------------------------------------------------------------------------------------------------------------------------------------------------------------------------------------------------------------------------------------------------------------------------------------------------------------------------------------------------------------------------------------------------------------------------------------------------------------------------------------------------------------------------------------------------------------------------------------------------------------------------------------------------------------------------------------------------------------------------------------------------------------------------------------------------------------------------------------------------------------------------------------------------------------------------------------------------------------------------------------------------------------------------------------------------------------------------------------------------------------------------------------------------------------------------------------------------------------------------------------------+
| logical_plan  | Federated                                                                                                                                                                                                                                                                                                                                                                                                                                                                                                                                                                                                                                                                                                                                                                                                                                                                                                                                                                                                                                                                                                                                                                                                                                                                                                                                                                                                                                                                                                                                                                                                                                                                                                                                                                |
|               |  Limit: skip=0, fetch=20                                                                                                                                                                                                                                                                                                                                                                                                                                                                                                                                                                                                                                                                                                                                                                                                                                                                                                                                                                                                                                                                                                                                                                                                                                                                                                                                                                                                                                                                                                                                                                                                                                                                                                                                                 |
|               |   Sort: revenue DESC NULLS FIRST                                                                                                                                                                                                                                                                                                                                                                                                                                                                                                                                                                                                                                                                                                                                                                                                                                                                                                                                                                                                                                                                                                                                                                                                                                                                                                                                                                                                                                                                                                                                                                                                                                                                                                                                         |
|               |     Projection: customer.c_custkey, customer.c_name, sum(lineitem.l_extendedprice * Int64(1) - lineitem.l_discount) AS revenue, customer.c_acctbal, nation.n_name, customer.c_address, customer.c_phone, customer.c_comment                                                                                                                                                                                                                                                                                                                                                                                                                                                                                                                                                                                                                                                                                                                                                                                                                                                                                                                                                                                                                                                                                                                                                                                                                                                                                                                                                                                                                                                                                                                                              |
|               |       Aggregate: groupBy=[[customer.c_custkey, customer.c_name, customer.c_acctbal, customer.c_phone, nation.n_name, customer.c_address, customer.c_comment]], aggr=[[sum(lineitem.l_extendedprice * (Int64(1) - lineitem.l_discount))]]                                                                                                                                                                                                                                                                                                                                                                                                                                                                                                                                                                                                                                                                                                                                                                                                                                                                                                                                                                                                                                                                                                                                                                                                                                                                                                                                                                                                                                                                                                                                 |
|               |         Inner Join:  Filter: customer.c_nationkey = nation.n_nationkey                                                                                                                                                                                                                                                                                                                                                                                                                                                                                                                                                                                                                                                                                                                                                                                                                                                                                                                                                                                                                                                                                                                                                                                                                                                                                                                                                                                                                                                                                                                                                                                                                                                                                                   |
|               |           Inner Join:  Filter: lineitem.l_orderkey = orders.o_orderkey                                                                                                                                                                                                                                                                                                                                                                                                                                                                                                                                                                                                                                                                                                                                                                                                                                                                                                                                                                                                                                                                                                                                                                                                                                                                                                                                                                                                                                                                                                                                                                                                                                                                                                   |
|               |             Inner Join:  Filter: customer.c_custkey = orders.o_custkey                                                                                                                                                                                                                                                                                                                                                                                                                                                                                                                                                                                                                                                                                                                                                                                                                                                                                                                                                                                                                                                                                                                                                                                                                                                                                                                                                                                                                                                                                                                                                                                                                                                                                                   |
|               |               TableScan: customer projection=[c_custkey, c_name, c_address, c_nationkey, c_phone, c_acctbal, c_comment]                                                                                                                                                                                                                                                                                                                                                                                                                                                                                                                                                                                                                                                                                                                                                                                                                                                                                                                                                                                                                                                                                                                                                                                                                                                                                                                                                                                                                                                                                                                                                                                                                                                  |
|               |               Filter: orders.o_orderdate >= CAST(Utf8("1993-10-01") AS Date32) AND orders.o_orderdate < CAST(Utf8("1994-01-01") AS Date32)                                                                                                                                                                                                                                                                                                                                                                                                                                                                                                                                                                                                                                                                                                                                                                                                                                                                                                                                                                                                                                                                                                                                                                                                                                                                                                                                                                                                                                                                                                                                                                                                                               |
|               |                 TableScan: orders projection=[o_orderkey, o_custkey, o_orderdate]                                                                                                                                                                                                                                                                                                                                                                                                                                                                                                                                                                                                                                                                                                                                                                                                                                                                                                                                                                                                                                                                                                                                                                                                                                                                                                                                                                                                                                                                                                                                                                                                                                                                                        |
|               |             TableScan: lineitem projection=[l_orderkey, l_extendedprice, l_discount], full_filters=[lineitem.l_returnflag = Utf8("R")]                                                                                                                                                                                                                                                                                                                                                                                                                                                                                                                                                                                                                                                                                                                                                                                                                                                                                                                                                                                                                                                                                                                                                                                                                                                                                                                                                                                                                                                                                                                                                                                                                                   |
|               |           TableScan: nation projection=[n_nationkey, n_name]                                                                                                                                                                                                                                                                                                                                                                                                                                                                                                                                                                                                                                                                                                                                                                                                                                                                                                                                                                                                                                                                                                                                                                                                                                                                                                                                                                                                                                                                                                                                                                                                                                                                                                             |
| physical_plan | SchemaCastScanExec                                                                                                                                                                                                                                                                                                                                                                                                                                                                                                                                                                                                                                                                                                                                                                                                                                                                                                                                                                                                                                                                                                                                                                                                                                                                                                                                                                                                                                                                                                                                                                                                                                                                                                                                                       |
|               |   VirtualExecutionPlan name=duckdb compute_context=tpch_sf1.db sql=SELECT customer.c_custkey, customer.c_name, sum((lineitem.l_extendedprice * (1 - lineitem.l_discount))) AS revenue, customer.c_acctbal, nation.n_name, customer.c_address, customer.c_phone, customer.c_comment FROM customer JOIN orders ON ((customer.c_custkey = orders.o_custkey) AND ((orders.o_orderdate >= CAST('1993-10-01' AS DATE)) AND (orders.o_orderdate < CAST('1994-01-01' AS DATE)))) JOIN lineitem ON ((lineitem.l_orderkey = orders.o_orderkey) AND (lineitem.l_returnflag = 'R')) JOIN nation ON (customer.c_nationkey = nation.n_nationkey) GROUP BY customer.c_custkey, customer.c_name, customer.c_acctbal, customer.c_phone, nation.n_name, customer.c_address, customer.c_comment ORDER BY revenue DESC NULLS FIRST LIMIT 20 rewritten_sql=SELECT "customer"."c_custkey", "customer"."c_name", sum(("lineitem"."l_extendedprice" * (1 - "lineitem"."l_discount"))) AS "revenue", "customer"."c_acctbal", "nation"."n_name", "customer"."c_address", "customer"."c_phone", "customer"."c_comment" FROM "customer" JOIN "orders" ON (("customer"."c_custkey" = "orders"."o_custkey") AND (("orders"."o_orderdate" >= CAST('1993-10-01' AS DATE)) AND ("orders"."o_orderdate" < CAST('1994-01-01' AS DATE)))) JOIN "lineitem" ON (("lineitem"."l_orderkey" = "orders"."o_orderkey") AND ("lineitem"."l_returnflag" = 'R')) JOIN "nation" ON ("customer"."c_nationkey" = "nation"."n_nationkey") GROUP BY "customer"."c_custkey", "customer"."c_name", "customer"."c_acctbal", "customer"."c_phone", "nation"."n_name", "customer"."c_address", "customer"."c_comment" ORDER BY "revenue" DESC NULLS FIRST LIMIT 20 |
|               |                                                                                                                                                                                                                                                                                                                                                                                                                                                                                                                                                                                                                                                                                                                                                                                                                                                                                                                                                                                                                                                                                                                                                                                                                                                                                                                                                                                                                                                                                                                                                                                                                                                                                                                                                                          |
+---------------+--------------------------------------------------------------------------------------------------------------------------------------------------------------------------------------------------------------------------------------------------------------------------------------------------------------------------------------------------------------------------------------------------------------------------------------------------------------------------------------------------------------------------------------------------------------------------------------------------------------------------------------------------------------------------------------------------------------------------------------------------------------------------------------------------------------------------------------------------------------------------------------------------------------------------------------------------------------------------------------------------------------------------------------------------------------------------------------------------------------------------------------------------------------------------------------------------------------------------------------------------------------------------------------------------------------------------------------------------------------------------------------------------------------------------------------------------------------------------------------------------------------------------------------------------------------------------------------------------------------------------------------------------------------------------------------------------------------------------------------------------------------------------+
