---
source: integration-test/src/main.rs
description: Federated Query Explain
expression: plan_display
---
+---------------+------------------------------------------------------------------------------------------------------------------------------------------------------------------------------------------------------------------------------------------------------------------------------------------------------------------------------------------------------------------------------------------------------------------------------------------------------------------------------------------------------------------------------------------------------------------------------------------------------------------------------------------------------------------------------------------------------------------------------------------------------------------------------------------------------------------------------------------------------------------------------------------------------------------------------+
| plan_type     | plan                                                                                                                                                                                                                                                                                                                                                                                                                                                                                                                                                                                                                                                                                                                                                                                                                                                                                                                         |
+---------------+------------------------------------------------------------------------------------------------------------------------------------------------------------------------------------------------------------------------------------------------------------------------------------------------------------------------------------------------------------------------------------------------------------------------------------------------------------------------------------------------------------------------------------------------------------------------------------------------------------------------------------------------------------------------------------------------------------------------------------------------------------------------------------------------------------------------------------------------------------------------------------------------------------------------------+
| logical_plan  | Federated                                                                                                                                                                                                                                                                                                                                                                                                                                                                                                                                                                                                                                                                                                                                                                                                                                                                                                                    |
|               |  Sort: lineitem.l_returnflag ASC NULLS LAST, lineitem.l_linestatus ASC NULLS LAST                                                                                                                                                                                                                                                                                                                                                                                                                                                                                                                                                                                                                                                                                                                                                                                                                                            |
|               |   Projection: lineitem.l_returnflag, lineitem.l_linestatus, sum(lineitem.l_quantity) AS sum_qty, sum(lineitem.l_extendedprice) AS sum_base_price, sum(lineitem.l_extendedprice * Int64(1) - lineitem.l_discount) AS sum_disc_price, sum(lineitem.l_extendedprice * Int64(1) - lineitem.l_discount * Int64(1) + lineitem.l_tax) AS sum_charge, avg(lineitem.l_quantity) AS avg_qty, avg(lineitem.l_extendedprice) AS avg_price, avg(lineitem.l_discount) AS avg_disc, count(Int64(1)) AS count_order                                                                                                                                                                                                                                                                                                                                                                                                                          |
|               |     Aggregate: groupBy=[[lineitem.l_returnflag, lineitem.l_linestatus]], aggr=[[sum(lineitem.l_quantity), sum(lineitem.l_extendedprice), sum(lineitem.l_extendedprice * (Int64(1) - lineitem.l_discount)), sum(lineitem.l_extendedprice * (Int64(1) - lineitem.l_discount) * (Int64(1) + lineitem.l_tax)), avg(lineitem.l_quantity), avg(lineitem.l_extendedprice), avg(lineitem.l_discount), count(Int64(1))]]                                                                                                                                                                                                                                                                                                                                                                                                                                                                                                              |
|               |       Filter: lineitem.l_shipdate <= CAST(Utf8("1998-09-02") AS Date32)                                                                                                                                                                                                                                                                                                                                                                                                                                                                                                                                                                                                                                                                                                                                                                                                                                                      |
|               |         TableScan: lineitem projection=[l_quantity, l_extendedprice, l_discount, l_tax, l_returnflag, l_linestatus, l_shipdate]                                                                                                                                                                                                                                                                                                                                                                                                                                                                                                                                                                                                                                                                                                                                                                                              |
| physical_plan | SchemaCastScanExec                                                                                                                                                                                                                                                                                                                                                                                                                                                                                                                                                                                                                                                                                                                                                                                                                                                                                                           |
|               |   VirtualExecutionPlan name=duckdb compute_context=tpch_sf1.db initial_sql=SELECT "lineitem"."l_returnflag", "lineitem"."l_linestatus", sum("lineitem"."l_quantity") AS "sum_qty", sum("lineitem"."l_extendedprice") AS "sum_base_price", sum(("lineitem"."l_extendedprice" * (1 - "lineitem"."l_discount"))) AS "sum_disc_price", sum((("lineitem"."l_extendedprice" * (1 - "lineitem"."l_discount")) * (1 + "lineitem"."l_tax"))) AS "sum_charge", avg("lineitem"."l_quantity") AS "avg_qty", avg("lineitem"."l_extendedprice") AS "avg_price", avg("lineitem"."l_discount") AS "avg_disc", count(1) AS "count_order" FROM "lineitem" WHERE ("lineitem"."l_shipdate" <= CAST('1998-09-02' AS DATE)) GROUP BY "lineitem"."l_returnflag", "lineitem"."l_linestatus" ORDER BY "lineitem"."l_returnflag" ASC NULLS LAST, "lineitem"."l_linestatus" ASC NULLS LAST |
|               |                                                                                                                                                                                                                                                                                                                                                                                                                                                                                                                                                                                                                                                                                                                                                                                                                                                                                                                              |
+---------------+------------------------------------------------------------------------------------------------------------------------------------------------------------------------------------------------------------------------------------------------------------------------------------------------------------------------------------------------------------------------------------------------------------------------------------------------------------------------------------------------------------------------------------------------------------------------------------------------------------------------------------------------------------------------------------------------------------------------------------------------------------------------------------------------------------------------------------------------------------------------------------------------------------------------------+
