---
source: integration-test/src/main.rs
description: Federated Query Explain
expression: plan_display
---
+---------------+----------------------------------------------------------------------------------------------------------------------------------------------------------------------------------------------------------------------------------------------------------------------------------------------------------------------------------------------------------------------------------------------------------------------------------------------------------------------------------------------------------------------------------------------------------------------------------------------------------------------------------------------------------------------------------------------------------------------------------------------------------------------------------------------------------------------------------------------------------------------------------------------------------------------------------------------------------------------------------------------------------------------------------------------------------------------------------------------------------------------------------------------------------------------------------------------------------------------------------------------------------------------------------------------------------------------------------------------------------------------------------------------------------------------------------------------------------------------------------------------------------------------------------------------------------------------------------------------+
| plan_type     | plan                                                                                                                                                                                                                                                                                                                                                                                                                                                                                                                                                                                                                                                                                                                                                                                                                                                                                                                                                                                                                                                                                                                                                                                                                                                                                                                                                                                                                                                                                                                                                                                         |
+---------------+----------------------------------------------------------------------------------------------------------------------------------------------------------------------------------------------------------------------------------------------------------------------------------------------------------------------------------------------------------------------------------------------------------------------------------------------------------------------------------------------------------------------------------------------------------------------------------------------------------------------------------------------------------------------------------------------------------------------------------------------------------------------------------------------------------------------------------------------------------------------------------------------------------------------------------------------------------------------------------------------------------------------------------------------------------------------------------------------------------------------------------------------------------------------------------------------------------------------------------------------------------------------------------------------------------------------------------------------------------------------------------------------------------------------------------------------------------------------------------------------------------------------------------------------------------------------------------------------+
| logical_plan  | Federated                                                                                                                                                                                                                                                                                                                                                                                                                                                                                                                                                                                                                                                                                                                                                                                                                                                                                                                                                                                                                                                                                                                                                                                                                                                                                                                                                                                                                                                                                                                                                                                    |
|               |  Sort: revenue DESC NULLS FIRST                                                                                                                                                                                                                                                                                                                                                                                                                                                                                                                                                                                                                                                                                                                                                                                                                                                                                                                                                                                                                                                                                                                                                                                                                                                                                                                                                                                                                                                                                                                                                              |
|               |   Projection: nation.n_name, sum(lineitem.l_extendedprice * Int64(1) - lineitem.l_discount) AS revenue                                                                                                                                                                                                                                                                                                                                                                                                                                                                                                                                                                                                                                                                                                                                                                                                                                                                                                                                                                                                                                                                                                                                                                                                                                                                                                                                                                                                                                                                                       |
|               |     Aggregate: groupBy=[[nation.n_name]], aggr=[[sum(lineitem.l_extendedprice * (Int64(1) - lineitem.l_discount))]]                                                                                                                                                                                                                                                                                                                                                                                                                                                                                                                                                                                                                                                                                                                                                                                                                                                                                                                                                                                                                                                                                                                                                                                                                                                                                                                                                                                                                                                                          |
|               |       Inner Join:  Filter: nation.n_regionkey = region.r_regionkey                                                                                                                                                                                                                                                                                                                                                                                                                                                                                                                                                                                                                                                                                                                                                                                                                                                                                                                                                                                                                                                                                                                                                                                                                                                                                                                                                                                                                                                                                                                           |
|               |         Inner Join:  Filter: supplier.s_nationkey = nation.n_nationkey                                                                                                                                                                                                                                                                                                                                                                                                                                                                                                                                                                                                                                                                                                                                                                                                                                                                                                                                                                                                                                                                                                                                                                                                                                                                                                                                                                                                                                                                                                                       |
|               |           Inner Join:  Filter: lineitem.l_suppkey = supplier.s_suppkey AND customer.c_nationkey = supplier.s_nationkey                                                                                                                                                                                                                                                                                                                                                                                                                                                                                                                                                                                                                                                                                                                                                                                                                                                                                                                                                                                                                                                                                                                                                                                                                                                                                                                                                                                                                                                                       |
|               |             Inner Join:  Filter: lineitem.l_orderkey = orders.o_orderkey                                                                                                                                                                                                                                                                                                                                                                                                                                                                                                                                                                                                                                                                                                                                                                                                                                                                                                                                                                                                                                                                                                                                                                                                                                                                                                                                                                                                                                                                                                                     |
|               |               Inner Join:  Filter: customer.c_custkey = orders.o_custkey                                                                                                                                                                                                                                                                                                                                                                                                                                                                                                                                                                                                                                                                                                                                                                                                                                                                                                                                                                                                                                                                                                                                                                                                                                                                                                                                                                                                                                                                                                                     |
|               |                 TableScan: customer projection=[c_custkey, c_nationkey]                                                                                                                                                                                                                                                                                                                                                                                                                                                                                                                                                                                                                                                                                                                                                                                                                                                                                                                                                                                                                                                                                                                                                                                                                                                                                                                                                                                                                                                                                                                      |
|               |                 Filter: orders.o_orderdate >= CAST(Utf8("1994-01-01") AS Date32) AND orders.o_orderdate < CAST(Utf8("1995-01-01") AS Date32)                                                                                                                                                                                                                                                                                                                                                                                                                                                                                                                                                                                                                                                                                                                                                                                                                                                                                                                                                                                                                                                                                                                                                                                                                                                                                                                                                                                                                                                 |
|               |                   TableScan: orders projection=[o_orderkey, o_custkey, o_orderdate]                                                                                                                                                                                                                                                                                                                                                                                                                                                                                                                                                                                                                                                                                                                                                                                                                                                                                                                                                                                                                                                                                                                                                                                                                                                                                                                                                                                                                                                                                                          |
|               |               TableScan: lineitem projection=[l_orderkey, l_suppkey, l_extendedprice, l_discount]                                                                                                                                                                                                                                                                                                                                                                                                                                                                                                                                                                                                                                                                                                                                                                                                                                                                                                                                                                                                                                                                                                                                                                                                                                                                                                                                                                                                                                                                                            |
|               |             TableScan: supplier projection=[s_suppkey, s_nationkey]                                                                                                                                                                                                                                                                                                                                                                                                                                                                                                                                                                                                                                                                                                                                                                                                                                                                                                                                                                                                                                                                                                                                                                                                                                                                                                                                                                                                                                                                                                                          |
|               |           TableScan: nation projection=[n_nationkey, n_name, n_regionkey]                                                                                                                                                                                                                                                                                                                                                                                                                                                                                                                                                                                                                                                                                                                                                                                                                                                                                                                                                                                                                                                                                                                                                                                                                                                                                                                                                                                                                                                                                                                    |
|               |         TableScan: region projection=[r_regionkey], full_filters=[region.r_name = Utf8("ASIA")]                                                                                                                                                                                                                                                                                                                                                                                                                                                                                                                                                                                                                                                                                                                                                                                                                                                                                                                                                                                                                                                                                                                                                                                                                                                                                                                                                                                                                                                                                              |
| physical_plan | SchemaCastScanExec                                                                                                                                                                                                                                                                                                                                                                                                                                                                                                                                                                                                                                                                                                                                                                                                                                                                                                                                                                                                                                                                                                                                                                                                                                                                                                                                                                                                                                                                                                                                                                           |
|               |   VirtualExecutionPlan name=duckdb compute_context=tpch_sf1.db sql=SELECT nation.n_name, sum((lineitem.l_extendedprice * (1 - lineitem.l_discount))) AS revenue FROM customer JOIN orders ON ((customer.c_custkey = orders.o_custkey) AND ((orders.o_orderdate >= CAST('1994-01-01' AS DATE)) AND (orders.o_orderdate < CAST('1995-01-01' AS DATE)))) JOIN lineitem ON (lineitem.l_orderkey = orders.o_orderkey) JOIN supplier ON ((lineitem.l_suppkey = supplier.s_suppkey) AND (customer.c_nationkey = supplier.s_nationkey)) JOIN nation ON (supplier.s_nationkey = nation.n_nationkey) JOIN region ON ((nation.n_regionkey = region.r_regionkey) AND (region.r_name = 'ASIA')) GROUP BY nation.n_name ORDER BY revenue DESC NULLS FIRST rewritten_sql=SELECT "nation"."n_name", sum(("lineitem"."l_extendedprice" * (1 - "lineitem"."l_discount"))) AS "revenue" FROM "customer" JOIN "orders" ON (("customer"."c_custkey" = "orders"."o_custkey") AND (("orders"."o_orderdate" >= CAST('1994-01-01' AS DATE)) AND ("orders"."o_orderdate" < CAST('1995-01-01' AS DATE)))) JOIN "lineitem" ON ("lineitem"."l_orderkey" = "orders"."o_orderkey") JOIN "supplier" ON (("lineitem"."l_suppkey" = "supplier"."s_suppkey") AND ("customer"."c_nationkey" = "supplier"."s_nationkey")) JOIN "nation" ON ("supplier"."s_nationkey" = "nation"."n_nationkey") JOIN "region" ON (("nation"."n_regionkey" = "region"."r_regionkey") AND ("region"."r_name" = 'ASIA')) GROUP BY "nation"."n_name" ORDER BY "revenue" DESC NULLS FIRST |
|               |                                                                                                                                                                                                                                                                                                                                                                                                                                                                                                                                                                                                                                                                                                                                                                                                                                                                                                                                                                                                                                                                                                                                                                                                                                                                                                                                                                                                                                                                                                                                                                                              |
+---------------+----------------------------------------------------------------------------------------------------------------------------------------------------------------------------------------------------------------------------------------------------------------------------------------------------------------------------------------------------------------------------------------------------------------------------------------------------------------------------------------------------------------------------------------------------------------------------------------------------------------------------------------------------------------------------------------------------------------------------------------------------------------------------------------------------------------------------------------------------------------------------------------------------------------------------------------------------------------------------------------------------------------------------------------------------------------------------------------------------------------------------------------------------------------------------------------------------------------------------------------------------------------------------------------------------------------------------------------------------------------------------------------------------------------------------------------------------------------------------------------------------------------------------------------------------------------------------------------------+
