---
source: integration-test/src/main.rs
description: Federated Query Explain
expression: plan_display
---
+---------------+------------------------------------------------------------------------------------------------------------------------------------------------------------------------------------------------------------------------------------------------------------------------------------------------------------------------------------------------------------------------------------------------------------------------------------------------------------------------------------------------------------------------------------------------------------------------------------------------------------------------------------------------------------------------------------------------------------------------------------------------------------------------------------------------------------------------------------------------------------------------------------------------------------------------------------------------------------------------------------------------------------------------------------------------------------------------------------------------------------------------------------------------------------------------------------------------------------------------------------------------------------------------------------------------------------------------------------------------------------------------------------------------------------------------------------------------------------------------------------------------------------------------------------------------------------------------------------------------------------------------------------------------------------------------------------------------------+
| plan_type     | plan                                                                                                                                                                                                                                                                                                                                                                                                                                                                                                                                                                                                                                                                                                                                                                                                                                                                                                                                                                                                                                                                                                                                                                                                                                                                                                                                                                                                                                                                                                                                                                                                                                                                                                 |
+---------------+------------------------------------------------------------------------------------------------------------------------------------------------------------------------------------------------------------------------------------------------------------------------------------------------------------------------------------------------------------------------------------------------------------------------------------------------------------------------------------------------------------------------------------------------------------------------------------------------------------------------------------------------------------------------------------------------------------------------------------------------------------------------------------------------------------------------------------------------------------------------------------------------------------------------------------------------------------------------------------------------------------------------------------------------------------------------------------------------------------------------------------------------------------------------------------------------------------------------------------------------------------------------------------------------------------------------------------------------------------------------------------------------------------------------------------------------------------------------------------------------------------------------------------------------------------------------------------------------------------------------------------------------------------------------------------------------------+
| logical_plan  | Federated                                                                                                                                                                                                                                                                                                                                                                                                                                                                                                                                                                                                                                                                                                                                                                                                                                                                                                                                                                                                                                                                                                                                                                                                                                                                                                                                                                                                                                                                                                                                                                                                                                                                                            |
|               |  Sort: lineitem.l_shipmode ASC NULLS LAST                                                                                                                                                                                                                                                                                                                                                                                                                                                                                                                                                                                                                                                                                                                                                                                                                                                                                                                                                                                                                                                                                                                                                                                                                                                                                                                                                                                                                                                                                                                                                                                                                                                            |
|               |   Projection: lineitem.l_shipmode, sum(CASE WHEN orders.o_orderpriority = Utf8("1-URGENT") OR orders.o_orderpriority = Utf8("2-HIGH") THEN Int64(1) ELSE Int64(0) END) AS high_line_count, sum(CASE WHEN orders.o_orderpriority != Utf8("1-URGENT") AND orders.o_orderpriority != Utf8("2-HIGH") THEN Int64(1) ELSE Int64(0) END) AS low_line_count                                                                                                                                                                                                                                                                                                                                                                                                                                                                                                                                                                                                                                                                                                                                                                                                                                                                                                                                                                                                                                                                                                                                                                                                                                                                                                                                                  |
|               |     Aggregate: groupBy=[[lineitem.l_shipmode]], aggr=[[sum(CASE WHEN orders.o_orderpriority = Utf8("1-URGENT") OR orders.o_orderpriority = Utf8("2-HIGH") THEN Int64(1) ELSE Int64(0) END), sum(CASE WHEN orders.o_orderpriority != Utf8("1-URGENT") AND orders.o_orderpriority != Utf8("2-HIGH") THEN Int64(1) ELSE Int64(0) END)]]                                                                                                                                                                                                                                                                                                                                                                                                                                                                                                                                                                                                                                                                                                                                                                                                                                                                                                                                                                                                                                                                                                                                                                                                                                                                                                                                                                 |
|               |       Inner Join:  Filter: lineitem.l_orderkey = orders.o_orderkey                                                                                                                                                                                                                                                                                                                                                                                                                                                                                                                                                                                                                                                                                                                                                                                                                                                                                                                                                                                                                                                                                                                                                                                                                                                                                                                                                                                                                                                                                                                                                                                                                                   |
|               |         Filter: lineitem.l_receiptdate >= CAST(Utf8("1994-01-01") AS Date32) AND lineitem.l_receiptdate < CAST(Utf8("1995-01-01") AS Date32)                                                                                                                                                                                                                                                                                                                                                                                                                                                                                                                                                                                                                                                                                                                                                                                                                                                                                                                                                                                                                                                                                                                                                                                                                                                                                                                                                                                                                                                                                                                                                         |
|               |           TableScan: lineitem projection=[l_orderkey, l_receiptdate, l_shipmode], full_filters=[lineitem.l_shipmode IN ([Utf8("MAIL"), Utf8("SHIP")]), lineitem.l_commitdate < lineitem.l_receiptdate, lineitem.l_shipdate < lineitem.l_commitdate]                                                                                                                                                                                                                                                                                                                                                                                                                                                                                                                                                                                                                                                                                                                                                                                                                                                                                                                                                                                                                                                                                                                                                                                                                                                                                                                                                                                                                                                  |
|               |         TableScan: orders projection=[o_orderkey, o_orderpriority]                                                                                                                                                                                                                                                                                                                                                                                                                                                                                                                                                                                                                                                                                                                                                                                                                                                                                                                                                                                                                                                                                                                                                                                                                                                                                                                                                                                                                                                                                                                                                                                                                                   |
| physical_plan | SchemaCastScanExec                                                                                                                                                                                                                                                                                                                                                                                                                                                                                                                                                                                                                                                                                                                                                                                                                                                                                                                                                                                                                                                                                                                                                                                                                                                                                                                                                                                                                                                                                                                                                                                                                                                                                   |
|               |   VirtualExecutionPlan name=duckdb compute_context=tpch_sf1.db sql=SELECT lineitem.l_shipmode, sum(CASE WHEN ((orders.o_orderpriority = '1-URGENT') OR (orders.o_orderpriority = '2-HIGH')) THEN 1 ELSE 0 END) AS high_line_count, sum(CASE WHEN ((orders.o_orderpriority <> '1-URGENT') AND (orders.o_orderpriority <> '2-HIGH')) THEN 1 ELSE 0 END) AS low_line_count FROM lineitem JOIN orders ON ((lineitem.l_orderkey = orders.o_orderkey) AND (((((lineitem.l_receiptdate >= CAST('1994-01-01' AS DATE)) AND (lineitem.l_receiptdate < CAST('1995-01-01' AS DATE))) AND lineitem.l_shipmode IN ('MAIL', 'SHIP')) AND (lineitem.l_commitdate < lineitem.l_receiptdate)) AND (lineitem.l_shipdate < lineitem.l_commitdate))) GROUP BY lineitem.l_shipmode ORDER BY lineitem.l_shipmode ASC NULLS LAST rewritten_sql=SELECT "lineitem"."l_shipmode", sum(CASE WHEN (("orders"."o_orderpriority" = '1-URGENT') OR ("orders"."o_orderpriority" = '2-HIGH')) THEN 1 ELSE 0 END) AS "high_line_count", sum(CASE WHEN (("orders"."o_orderpriority" <> '1-URGENT') AND ("orders"."o_orderpriority" <> '2-HIGH')) THEN 1 ELSE 0 END) AS "low_line_count" FROM "lineitem" JOIN "orders" ON (("lineitem"."l_orderkey" = "orders"."o_orderkey") AND ((((("lineitem"."l_receiptdate" >= CAST('1994-01-01' AS DATE)) AND ("lineitem"."l_receiptdate" < CAST('1995-01-01' AS DATE))) AND "lineitem"."l_shipmode" IN ('MAIL', 'SHIP')) AND ("lineitem"."l_commitdate" < "lineitem"."l_receiptdate")) AND ("lineitem"."l_shipdate" < "lineitem"."l_commitdate"))) GROUP BY "lineitem"."l_shipmode" ORDER BY "lineitem"."l_shipmode" ASC NULLS LAST |
|               |                                                                                                                                                                                                                                                                                                                                                                                                                                                                                                                                                                                                                                                                                                                                                                                                                                                                                                                                                                                                                                                                                                                                                                                                                                                                                                                                                                                                                                                                                                                                                                                                                                                                                                      |
+---------------+------------------------------------------------------------------------------------------------------------------------------------------------------------------------------------------------------------------------------------------------------------------------------------------------------------------------------------------------------------------------------------------------------------------------------------------------------------------------------------------------------------------------------------------------------------------------------------------------------------------------------------------------------------------------------------------------------------------------------------------------------------------------------------------------------------------------------------------------------------------------------------------------------------------------------------------------------------------------------------------------------------------------------------------------------------------------------------------------------------------------------------------------------------------------------------------------------------------------------------------------------------------------------------------------------------------------------------------------------------------------------------------------------------------------------------------------------------------------------------------------------------------------------------------------------------------------------------------------------------------------------------------------------------------------------------------------------+
