---
source: integration-test/src/main.rs
description: Federated Query Explain
expression: plan_display
---
+---------------+---------------------------------------------------------------------------------------------------------------------------------------------------------------------------------------------------------------------------------------------------------------------------------------------------------------------------------------------------------------------------------------------------------------------------------------------------------------------------------+
| plan_type     | plan                                                                                                                                                                                                                                                                                                                                                                                                                                                                            |
+---------------+---------------------------------------------------------------------------------------------------------------------------------------------------------------------------------------------------------------------------------------------------------------------------------------------------------------------------------------------------------------------------------------------------------------------------------------------------------------------------------+
| logical_plan  | Federated                                                                                                                                                                                                                                                                                                                                                                                                                                                                       |
|               |  Projection: sum(lineitem.l_extendedprice * lineitem.l_discount) AS revenue                                                                                                                                                                                                                                                                                                                                                                                                     |
|               |   Aggregate: groupBy=[[]], aggr=[[sum(lineitem.l_extendedprice * lineitem.l_discount)]]                                                                                                                                                                                                                                                                                                                                                                                         |
|               |     Filter: lineitem.l_shipdate >= CAST(Utf8("1994-01-01") AS Date32) AND lineitem.l_shipdate < CAST(Utf8("1995-01-01") AS Date32) AND lineitem.l_discount BETWEEN Float64(0.06) - Float64(0.01) AND Float64(0.06) + Float64(0.01)                                                                                                                                                                                                                                              |
|               |       TableScan: lineitem projection=[l_extendedprice, l_discount, l_shipdate], full_filters=[lineitem.l_quantity < Int64(24)]                                                                                                                                                                                                                                                                                                                                                  |
| physical_plan | SchemaCastScanExec                                                                                                                                                                                                                                                                                                                                                                                                                                                              |
|               |   VirtualExecutionPlan name=duckdb compute_context=tpch_sf1.db initial_sql=SELECT sum(("lineitem"."l_extendedprice" * "lineitem"."l_discount")) AS "revenue" FROM "lineitem" WHERE ((("lineitem"."l_shipdate" >= CAST('1994-01-01' AS DATE)) AND ("lineitem"."l_shipdate" < CAST('1995-01-01' AS DATE))) AND ("lineitem"."l_discount" BETWEEN (0.06 - 0.01) AND (0.06 + 0.01))) AND ("lineitem"."l_quantity" < 24) |
|               |                                                                                                                                                                                                                                                                                                                                                                                                                                                                                 |
+---------------+---------------------------------------------------------------------------------------------------------------------------------------------------------------------------------------------------------------------------------------------------------------------------------------------------------------------------------------------------------------------------------------------------------------------------------------------------------------------------------+
